// Jest Snapshot v1, https://goo.gl/fbAQLP

exports[`<HomeContainer /> should render without errors 1`] = `
<div>
  <article>
    <h4>
      <a
        href="/hello-world"
        onClick={[Function]}
      >
        Hello world!
      </a>
    </h4>
    <div
      dangerouslySetInnerHTML={
        Object {
          "__html": "<p>Welcome to WordPress. This is your first post. Edit or delete it, then start writing!</p>
",
        }
      }
    />
  </article>
  <article>
    <h4>
      <a
        href="/tiled-gallery"
        onClick={[Function]}
      >
        Tiled Gallery
      </a>
    </h4>
    <div
      dangerouslySetInnerHTML={
        Object {
          "__html": "<p>titled gallery content</p>",
        }
      }
    />
  </article>
  <br />
  <div />
</div>
`;
