// Jest Snapshot v1, https://goo.gl/fbAQLP

exports[`<App /> should render without crashing 1`] = `
<div>
  <div>
    <div>
      <div />
    </div>
    <div>
      <input
        onChange={[Function]}
        type="text"
      />
      <div />
    </div>
    <br />
    <div />
  </div>
</div>
`;
