// Jest Snapshot v1, https://goo.gl/fbAQLP

exports[`<AuthorContainer /> should render without errors 1`] = `
<div>
  <div>
    <div>
      <h2>
        Author
      </h2>
      <hr />
    </div>
    <div>
      <article>
        <h1>
          <a
            href="/hello-world"
            onClick={[Function]}
          >
            Hello world!
          </a>
        </h1>
        <div
          dangerouslySetInnerHTML={
            Object {
              "__html": "<p>Welcome to WordPress. This is your first post. Edit or delete it, then start writing!</p>
",
            }
          }
        />
      </article>
    </div>
  </div>
  <br />
  <div />
</div>
`;
