// Jest Snapshot v1, https://goo.gl/fbAQLP

exports[`<SingleContainer /> should render without errors 1`] = `
<div>
  <div>
    <div>
      <article>
        <h4>
          Hello world!
        </h4>
        <div
          dangerouslySetInnerHTML={
            Object {
              "__html": "<p>Welcome to WordPress. This is your first post. Edit or delete it, then start writing!</p>
",
            }
          }
        />
      </article>
    </div>
  </div>
  <br />
  <h2>
    Comments
  </h2>
</div>
`;
